// Jest Snapshot v1, https://goo.gl/fbAQLP

exports[`Testing <HomePage /> should render <HomePage /> 1`] = `
<Suspense
  fallback={<Loader />}
>
  <lazy />
  <lazy />
  <lazy />
  <AboutSection />
</Suspense>
`;
